Archive member included to satisfy reference by file (symbol)

/usr/lib/gcc/avr/4.9.3/../../../../avr/lib/avr5/libm.a(addsf3.o)
                              Controle_moteur.o (__addsf3)
/usr/lib/gcc/avr/4.9.3/../../../../avr/lib/avr5/libm.a(addsf3x.o)
                              /usr/lib/gcc/avr/4.9.3/../../../../avr/lib/avr5/libm.a(addsf3.o) (__addsf3x)
/usr/lib/gcc/avr/4.9.3/../../../../avr/lib/avr5/libm.a(fixunssfsi.o)
                              Controle_moteur.o (__fixunssfsi)
/usr/lib/gcc/avr/4.9.3/../../../../avr/lib/avr5/libm.a(floatsisf.o)
                              Controle_moteur.o (__floatsisf)
/usr/lib/gcc/avr/4.9.3/../../../../avr/lib/avr5/libm.a(fp_inf.o)
                              /usr/lib/gcc/avr/4.9.3/../../../../avr/lib/avr5/libm.a(addsf3x.o) (__fp_inf)
/usr/lib/gcc/avr/4.9.3/../../../../avr/lib/avr5/libm.a(fp_nan.o)
                              /usr/lib/gcc/avr/4.9.3/../../../../avr/lib/avr5/libm.a(addsf3x.o) (__fp_nan)
/usr/lib/gcc/avr/4.9.3/../../../../avr/lib/avr5/libm.a(fp_pscA.o)
                              /usr/lib/gcc/avr/4.9.3/../../../../avr/lib/avr5/libm.a(addsf3x.o) (__fp_pscA)
/usr/lib/gcc/avr/4.9.3/../../../../avr/lib/avr5/libm.a(fp_pscB.o)
                              /usr/lib/gcc/avr/4.9.3/../../../../avr/lib/avr5/libm.a(addsf3x.o) (__fp_pscB)
/usr/lib/gcc/avr/4.9.3/../../../../avr/lib/avr5/libm.a(fp_round.o)
                              /usr/lib/gcc/avr/4.9.3/../../../../avr/lib/avr5/libm.a(addsf3.o) (__fp_round)
/usr/lib/gcc/avr/4.9.3/../../../../avr/lib/avr5/libm.a(fp_split3.o)
                              /usr/lib/gcc/avr/4.9.3/../../../../avr/lib/avr5/libm.a(addsf3x.o) (__fp_split3)
/usr/lib/gcc/avr/4.9.3/../../../../avr/lib/avr5/libm.a(fp_zero.o)
                              /usr/lib/gcc/avr/4.9.3/../../../../avr/lib/avr5/libm.a(addsf3x.o) (__fp_zero)
/usr/lib/gcc/avr/4.9.3/avr5/libgcc.a(_udivmodhi4.o)
                              Controle_moteur.o (__udivmodhi4)
/usr/lib/gcc/avr/4.9.3/avr5/libgcc.a(_exit.o)
                              /usr/lib/gcc/avr/4.9.3/../../../../avr/lib/avr5/crtm324pa.o (exit)

Memory Configuration

Name             Origin             Length             Attributes
text             0x0000000000000000 0x0000000000020000 xr
data             0x0000000000800060 0x000000000000ffa0 rw !x
eeprom           0x0000000000810000 0x0000000000010000 rw !x
fuse             0x0000000000820000 0x0000000000000400 rw !x
lock             0x0000000000830000 0x0000000000000400 rw !x
signature        0x0000000000840000 0x0000000000000400 rw !x
*default*        0x0000000000000000 0xffffffffffffffff

Linker script and memory map

Address of section .data set to 0x800100
LOAD /usr/lib/gcc/avr/4.9.3/../../../../avr/lib/avr5/crtm324pa.o
LOAD Controle_moteur.o
LOAD /usr/lib/gcc/avr/4.9.3/../../../../avr/lib/avr5/libm.a
START GROUP
LOAD /usr/lib/gcc/avr/4.9.3/avr5/libgcc.a
LOAD /usr/lib/gcc/avr/4.9.3/../../../../avr/lib/avr5/libm.a
LOAD /usr/lib/gcc/avr/4.9.3/../../../../avr/lib/avr5/libc.a
END GROUP

.hash
 *(.hash)

.dynsym
 *(.dynsym)

.dynstr
 *(.dynstr)

.gnu.version
 *(.gnu.version)

.gnu.version_d
 *(.gnu.version_d)

.gnu.version_r
 *(.gnu.version_r)

.rel.init
 *(.rel.init)

.rela.init
 *(.rela.init)

.rel.text
 *(.rel.text)
 *(.rel.text.*)
 *(.rel.gnu.linkonce.t*)

.rela.text
 *(.rela.text)
 *(.rela.text.*)
 *(.rela.gnu.linkonce.t*)

.rel.fini
 *(.rel.fini)

.rela.fini
 *(.rela.fini)

.rel.rodata
 *(.rel.rodata)
 *(.rel.rodata.*)
 *(.rel.gnu.linkonce.r*)

.rela.rodata
 *(.rela.rodata)
 *(.rela.rodata.*)
 *(.rela.gnu.linkonce.r*)

.rel.data
 *(.rel.data)
 *(.rel.data.*)
 *(.rel.gnu.linkonce.d*)

.rela.data
 *(.rela.data)
 *(.rela.data.*)
 *(.rela.gnu.linkonce.d*)

.rel.ctors
 *(.rel.ctors)

.rela.ctors
 *(.rela.ctors)

.rel.dtors
 *(.rel.dtors)

.rela.dtors
 *(.rela.dtors)

.rel.got
 *(.rel.got)

.rela.got
 *(.rela.got)

.rel.bss
 *(.rel.bss)

.rela.bss
 *(.rela.bss)

.rel.plt
 *(.rel.plt)

.rela.plt
 *(.rela.plt)

.text           0x0000000000000000      0x3f8
 *(.vectors)
 .vectors       0x0000000000000000       0x7c /usr/lib/gcc/avr/4.9.3/../../../../avr/lib/avr5/crtm324pa.o
                0x0000000000000000                __vectors
                0x0000000000000000                __vector_default
 *(.vectors)
 *(.progmem.gcc*)
                0x000000000000007c                . = ALIGN (0x2)
                0x000000000000007c                __trampolines_start = .
 *(.trampolines)
 .trampolines   0x000000000000007c        0x0 linker stubs
 *(.trampolines*)
                0x000000000000007c                __trampolines_end = .
 *(.progmem*)
                0x000000000000007c                . = ALIGN (0x2)
 *(.jumptables)
 *(.jumptables*)
 *(.lowtext)
 *(.lowtext*)
                0x000000000000007c                __ctors_start = .
 *(.ctors)
                0x000000000000007c                __ctors_end = .
                0x000000000000007c                __dtors_start = .
 *(.dtors)
                0x000000000000007c                __dtors_end = .
 SORT(*)(.ctors)
 SORT(*)(.dtors)
 *(.init0)
 .init0         0x000000000000007c        0x0 /usr/lib/gcc/avr/4.9.3/../../../../avr/lib/avr5/crtm324pa.o
                0x000000000000007c                __init
 *(.init0)
 *(.init1)
 *(.init1)
 *(.init2)
 .init2         0x000000000000007c        0xc /usr/lib/gcc/avr/4.9.3/../../../../avr/lib/avr5/crtm324pa.o
 *(.init2)
 *(.init3)
 *(.init3)
 *(.init4)
 *(.init4)
 *(.init5)
 *(.init5)
 *(.init6)
 *(.init6)
 *(.init7)
 *(.init7)
 *(.init8)
 *(.init8)
 *(.init9)
 .init9         0x0000000000000088        0x8 /usr/lib/gcc/avr/4.9.3/../../../../avr/lib/avr5/crtm324pa.o
 *(.init9)
 *(.text)
 .text          0x0000000000000090        0x4 /usr/lib/gcc/avr/4.9.3/../../../../avr/lib/avr5/crtm324pa.o
                0x0000000000000090                __vector_22
                0x0000000000000090                __vector_28
                0x0000000000000090                __vector_1
                0x0000000000000090                __vector_24
                0x0000000000000090                __vector_12
                0x0000000000000090                __bad_interrupt
                0x0000000000000090                __vector_6
                0x0000000000000090                __vector_3
                0x0000000000000090                __vector_23
                0x0000000000000090                __vector_30
                0x0000000000000090                __vector_25
                0x0000000000000090                __vector_11
                0x0000000000000090                __vector_13
                0x0000000000000090                __vector_17
                0x0000000000000090                __vector_19
                0x0000000000000090                __vector_7
                0x0000000000000090                __vector_27
                0x0000000000000090                __vector_5
                0x0000000000000090                __vector_4
                0x0000000000000090                __vector_9
                0x0000000000000090                __vector_2
                0x0000000000000090                __vector_21
                0x0000000000000090                __vector_15
                0x0000000000000090                __vector_29
                0x0000000000000090                __vector_8
                0x0000000000000090                __vector_26
                0x0000000000000090                __vector_14
                0x0000000000000090                __vector_10
                0x0000000000000090                __vector_16
                0x0000000000000090                __vector_18
                0x0000000000000090                __vector_20
 .text          0x0000000000000094       0x32 Controle_moteur.o
                0x0000000000000094                _Z8delay_msh
                0x00000000000000ac                _Z8delay_usj
 .text          0x00000000000000c6        0x0 /usr/lib/gcc/avr/4.9.3/../../../../avr/lib/avr5/libm.a(addsf3.o)
 .text          0x00000000000000c6        0x0 /usr/lib/gcc/avr/4.9.3/../../../../avr/lib/avr5/libm.a(addsf3x.o)
 .text          0x00000000000000c6        0x0 /usr/lib/gcc/avr/4.9.3/../../../../avr/lib/avr5/libm.a(fixunssfsi.o)
 .text          0x00000000000000c6        0x0 /usr/lib/gcc/avr/4.9.3/../../../../avr/lib/avr5/libm.a(floatsisf.o)
 .text          0x00000000000000c6        0x0 /usr/lib/gcc/avr/4.9.3/../../../../avr/lib/avr5/libm.a(fp_inf.o)
 .text          0x00000000000000c6        0x0 /usr/lib/gcc/avr/4.9.3/../../../../avr/lib/avr5/libm.a(fp_nan.o)
 .text          0x00000000000000c6        0x0 /usr/lib/gcc/avr/4.9.3/../../../../avr/lib/avr5/libm.a(fp_pscA.o)
 .text          0x00000000000000c6        0x0 /usr/lib/gcc/avr/4.9.3/../../../../avr/lib/avr5/libm.a(fp_pscB.o)
 .text          0x00000000000000c6        0x0 /usr/lib/gcc/avr/4.9.3/../../../../avr/lib/avr5/libm.a(fp_round.o)
 .text          0x00000000000000c6        0x0 /usr/lib/gcc/avr/4.9.3/../../../../avr/lib/avr5/libm.a(fp_split3.o)
 .text          0x00000000000000c6        0x0 /usr/lib/gcc/avr/4.9.3/../../../../avr/lib/avr5/libm.a(fp_zero.o)
 .text          0x00000000000000c6        0x0 /usr/lib/gcc/avr/4.9.3/avr5/libgcc.a(_udivmodhi4.o)
 .text          0x00000000000000c6        0x0 /usr/lib/gcc/avr/4.9.3/avr5/libgcc.a(_exit.o)
                0x00000000000000c6                . = ALIGN (0x2)
 *(.text.*)
 .text.startup  0x00000000000000c6       0xc8 Controle_moteur.o
                0x00000000000000c6                main
 .text.avr-libc.fplib
                0x000000000000018e        0xa /usr/lib/gcc/avr/4.9.3/../../../../avr/lib/avr5/libm.a(addsf3.o)
                0x000000000000018e                __subsf3
                0x0000000000000190                __addsf3
 .text.avr-libc.fplib
                0x0000000000000198       0xc0 /usr/lib/gcc/avr/4.9.3/../../../../avr/lib/avr5/libm.a(addsf3x.o)
                0x00000000000001b2                __addsf3x
 .text.avr-libc.fplib
                0x0000000000000258       0x58 /usr/lib/gcc/avr/4.9.3/../../../../avr/lib/avr5/libm.a(fixunssfsi.o)
                0x0000000000000258                __fixunssfsi
 .text.avr-libc.fplib
                0x00000000000002b0       0x7a /usr/lib/gcc/avr/4.9.3/../../../../avr/lib/avr5/libm.a(floatsisf.o)
                0x00000000000002b0                __floatunsisf
                0x00000000000002b4                __floatsisf
 .text.avr-libc.fplib
                0x000000000000032a        0xc /usr/lib/gcc/avr/4.9.3/../../../../avr/lib/avr5/libm.a(fp_inf.o)
                0x000000000000032a                __fp_inf
 .text.avr-libc.fplib
                0x0000000000000336        0x6 /usr/lib/gcc/avr/4.9.3/../../../../avr/lib/avr5/libm.a(fp_nan.o)
                0x0000000000000336                __fp_nan
 .text.avr-libc.fplib
                0x000000000000033c        0xe /usr/lib/gcc/avr/4.9.3/../../../../avr/lib/avr5/libm.a(fp_pscA.o)
                0x000000000000033c                __fp_pscA
 .text.avr-libc.fplib
                0x000000000000034a        0xe /usr/lib/gcc/avr/4.9.3/../../../../avr/lib/avr5/libm.a(fp_pscB.o)
                0x000000000000034a                __fp_pscB
 .text.avr-libc.fplib
                0x0000000000000358       0x22 /usr/lib/gcc/avr/4.9.3/../../../../avr/lib/avr5/libm.a(fp_round.o)
                0x0000000000000358                __fp_round
 .text.avr-libc.fplib
                0x000000000000037a       0x44 /usr/lib/gcc/avr/4.9.3/../../../../avr/lib/avr5/libm.a(fp_split3.o)
                0x000000000000037a                __fp_split3
                0x000000000000038a                __fp_splitA
 .text.avr-libc.fplib
                0x00000000000003be        0xe /usr/lib/gcc/avr/4.9.3/../../../../avr/lib/avr5/libm.a(fp_zero.o)
                0x00000000000003be                __fp_zero
                0x00000000000003c0                __fp_szero
 .text.libgcc.mul
                0x00000000000003cc        0x0 /usr/lib/gcc/avr/4.9.3/avr5/libgcc.a(_udivmodhi4.o)
 .text.libgcc.div
                0x00000000000003cc       0x28 /usr/lib/gcc/avr/4.9.3/avr5/libgcc.a(_udivmodhi4.o)
                0x00000000000003cc                __udivmodhi4
 .text.libgcc   0x00000000000003f4        0x0 /usr/lib/gcc/avr/4.9.3/avr5/libgcc.a(_udivmodhi4.o)
 .text.libgcc.prologue
                0x00000000000003f4        0x0 /usr/lib/gcc/avr/4.9.3/avr5/libgcc.a(_udivmodhi4.o)
 .text.libgcc.builtins
                0x00000000000003f4        0x0 /usr/lib/gcc/avr/4.9.3/avr5/libgcc.a(_udivmodhi4.o)
 .text.libgcc.fmul
                0x00000000000003f4        0x0 /usr/lib/gcc/avr/4.9.3/avr5/libgcc.a(_udivmodhi4.o)
 .text.libgcc.fixed
                0x00000000000003f4        0x0 /usr/lib/gcc/avr/4.9.3/avr5/libgcc.a(_udivmodhi4.o)
 .text.libgcc.mul
                0x00000000000003f4        0x0 /usr/lib/gcc/avr/4.9.3/avr5/libgcc.a(_exit.o)
 .text.libgcc.div
                0x00000000000003f4        0x0 /usr/lib/gcc/avr/4.9.3/avr5/libgcc.a(_exit.o)
 .text.libgcc   0x00000000000003f4        0x0 /usr/lib/gcc/avr/4.9.3/avr5/libgcc.a(_exit.o)
 .text.libgcc.prologue
                0x00000000000003f4        0x0 /usr/lib/gcc/avr/4.9.3/avr5/libgcc.a(_exit.o)
 .text.libgcc.builtins
                0x00000000000003f4        0x0 /usr/lib/gcc/avr/4.9.3/avr5/libgcc.a(_exit.o)
 .text.libgcc.fmul
                0x00000000000003f4        0x0 /usr/lib/gcc/avr/4.9.3/avr5/libgcc.a(_exit.o)
 .text.libgcc.fixed
                0x00000000000003f4        0x0 /usr/lib/gcc/avr/4.9.3/avr5/libgcc.a(_exit.o)
                0x00000000000003f4                . = ALIGN (0x2)
 *(.fini9)
 .fini9         0x00000000000003f4        0x0 /usr/lib/gcc/avr/4.9.3/avr5/libgcc.a(_exit.o)
                0x00000000000003f4                exit
                0x00000000000003f4                _exit
 *(.fini9)
 *(.fini8)
 *(.fini8)
 *(.fini7)
 *(.fini7)
 *(.fini6)
 *(.fini6)
 *(.fini5)
 *(.fini5)
 *(.fini4)
 *(.fini4)
 *(.fini3)
 *(.fini3)
 *(.fini2)
 *(.fini2)
 *(.fini1)
 *(.fini1)
 *(.fini0)
 .fini0         0x00000000000003f4        0x4 /usr/lib/gcc/avr/4.9.3/avr5/libgcc.a(_exit.o)
 *(.fini0)
                0x00000000000003f8                _etext = .

.data           0x0000000000800100        0x0 load address 0x00000000000003f8
                0x0000000000800100                PROVIDE (__data_start, .)
 *(.data)
 .data          0x0000000000800100        0x0 /usr/lib/gcc/avr/4.9.3/../../../../avr/lib/avr5/crtm324pa.o
 .data          0x0000000000800100        0x0 Controle_moteur.o
 .data          0x0000000000800100        0x0 /usr/lib/gcc/avr/4.9.3/../../../../avr/lib/avr5/libm.a(addsf3.o)
 .data          0x0000000000800100        0x0 /usr/lib/gcc/avr/4.9.3/../../../../avr/lib/avr5/libm.a(addsf3x.o)
 .data          0x0000000000800100        0x0 /usr/lib/gcc/avr/4.9.3/../../../../avr/lib/avr5/libm.a(fixunssfsi.o)
 .data          0x0000000000800100        0x0 /usr/lib/gcc/avr/4.9.3/../../../../avr/lib/avr5/libm.a(floatsisf.o)
 .data          0x0000000000800100        0x0 /usr/lib/gcc/avr/4.9.3/../../../../avr/lib/avr5/libm.a(fp_inf.o)
 .data          0x0000000000800100        0x0 /usr/lib/gcc/avr/4.9.3/../../../../avr/lib/avr5/libm.a(fp_nan.o)
 .data          0x0000000000800100        0x0 /usr/lib/gcc/avr/4.9.3/../../../../avr/lib/avr5/libm.a(fp_pscA.o)
 .data          0x0000000000800100        0x0 /usr/lib/gcc/avr/4.9.3/../../../../avr/lib/avr5/libm.a(fp_pscB.o)
 .data          0x0000000000800100        0x0 /usr/lib/gcc/avr/4.9.3/../../../../avr/lib/avr5/libm.a(fp_round.o)
 .data          0x0000000000800100        0x0 /usr/lib/gcc/avr/4.9.3/../../../../avr/lib/avr5/libm.a(fp_split3.o)
 .data          0x0000000000800100        0x0 /usr/lib/gcc/avr/4.9.3/../../../../avr/lib/avr5/libm.a(fp_zero.o)
 .data          0x0000000000800100        0x0 /usr/lib/gcc/avr/4.9.3/avr5/libgcc.a(_udivmodhi4.o)
 .data          0x0000000000800100        0x0 /usr/lib/gcc/avr/4.9.3/avr5/libgcc.a(_exit.o)
 *(.data*)
 *(.rodata)
 *(.rodata*)
 *(.gnu.linkonce.d*)
                0x0000000000800100                . = ALIGN (0x2)
                0x0000000000800100                _edata = .
                0x0000000000800100                PROVIDE (__data_end, .)

.bss            0x0000000000800100        0x0
                0x0000000000800100                PROVIDE (__bss_start, .)
 *(.bss)
 .bss           0x0000000000800100        0x0 /usr/lib/gcc/avr/4.9.3/../../../../avr/lib/avr5/crtm324pa.o
 .bss           0x0000000000800100        0x0 Controle_moteur.o
 .bss           0x0000000000800100        0x0 /usr/lib/gcc/avr/4.9.3/../../../../avr/lib/avr5/libm.a(addsf3.o)
 .bss           0x0000000000800100        0x0 /usr/lib/gcc/avr/4.9.3/../../../../avr/lib/avr5/libm.a(addsf3x.o)
 .bss           0x0000000000800100        0x0 /usr/lib/gcc/avr/4.9.3/../../../../avr/lib/avr5/libm.a(fixunssfsi.o)
 .bss           0x0000000000800100        0x0 /usr/lib/gcc/avr/4.9.3/../../../../avr/lib/avr5/libm.a(floatsisf.o)
 .bss           0x0000000000800100        0x0 /usr/lib/gcc/avr/4.9.3/../../../../avr/lib/avr5/libm.a(fp_inf.o)
 .bss           0x0000000000800100        0x0 /usr/lib/gcc/avr/4.9.3/../../../../avr/lib/avr5/libm.a(fp_nan.o)
 .bss           0x0000000000800100        0x0 /usr/lib/gcc/avr/4.9.3/../../../../avr/lib/avr5/libm.a(fp_pscA.o)
 .bss           0x0000000000800100        0x0 /usr/lib/gcc/avr/4.9.3/../../../../avr/lib/avr5/libm.a(fp_pscB.o)
 .bss           0x0000000000800100        0x0 /usr/lib/gcc/avr/4.9.3/../../../../avr/lib/avr5/libm.a(fp_round.o)
 .bss           0x0000000000800100        0x0 /usr/lib/gcc/avr/4.9.3/../../../../avr/lib/avr5/libm.a(fp_split3.o)
 .bss           0x0000000000800100        0x0 /usr/lib/gcc/avr/4.9.3/../../../../avr/lib/avr5/libm.a(fp_zero.o)
 .bss           0x0000000000800100        0x0 /usr/lib/gcc/avr/4.9.3/avr5/libgcc.a(_udivmodhi4.o)
 .bss           0x0000000000800100        0x0 /usr/lib/gcc/avr/4.9.3/avr5/libgcc.a(_exit.o)
 *(.bss*)
 *(COMMON)
                0x0000000000800100                PROVIDE (__bss_end, .)
                0x00000000000003f8                __data_load_start = LOADADDR (.data)
                0x00000000000003f8                __data_load_end = (__data_load_start + SIZEOF (.data))

.noinit         0x0000000000800100        0x0
                0x0000000000800100                PROVIDE (__noinit_start, .)
 *(.noinit*)
                0x0000000000800100                PROVIDE (__noinit_end, .)
                0x0000000000800100                _end = .
                0x0000000000800100                PROVIDE (__heap_start, .)

.eeprom         0x0000000000810000        0x0
 *(.eeprom*)
                0x0000000000810000                __eeprom_end = .

.fuse
 *(.fuse)
 *(.lfuse)
 *(.hfuse)
 *(.efuse)

.lock
 *(.lock*)

.signature
 *(.signature*)

.stab           0x0000000000000000     0x2058
 *(.stab)
 .stab          0x0000000000000000      0x6cc /usr/lib/gcc/avr/4.9.3/../../../../avr/lib/avr5/crtm324pa.o
 .stab          0x00000000000006cc      0x804 Controle_moteur.o
                                        0x810 (size before relaxing)
 .stab          0x0000000000000ed0       0x78 /usr/lib/gcc/avr/4.9.3/../../../../avr/lib/avr5/libm.a(addsf3.o)
                                         0x84 (size before relaxing)
 .stab          0x0000000000000f48      0x4bc /usr/lib/gcc/avr/4.9.3/../../../../avr/lib/avr5/libm.a(addsf3x.o)
                                        0x4c8 (size before relaxing)
 .stab          0x0000000000001404      0x240 /usr/lib/gcc/avr/4.9.3/../../../../avr/lib/avr5/libm.a(fixunssfsi.o)
                                        0x24c (size before relaxing)
 .stab          0x0000000000001644      0x318 /usr/lib/gcc/avr/4.9.3/../../../../avr/lib/avr5/libm.a(floatsisf.o)
                                        0x324 (size before relaxing)
 .stab          0x000000000000195c       0x78 /usr/lib/gcc/avr/4.9.3/../../../../avr/lib/avr5/libm.a(fp_inf.o)
                                         0x84 (size before relaxing)
 .stab          0x00000000000019d4       0x54 /usr/lib/gcc/avr/4.9.3/../../../../avr/lib/avr5/libm.a(fp_nan.o)
                                         0x60 (size before relaxing)
 .stab          0x0000000000001a28       0x84 /usr/lib/gcc/avr/4.9.3/../../../../avr/lib/avr5/libm.a(fp_pscA.o)
                                         0x90 (size before relaxing)
 .stab          0x0000000000001aac       0x84 /usr/lib/gcc/avr/4.9.3/../../../../avr/lib/avr5/libm.a(fp_pscB.o)
                                         0x90 (size before relaxing)
 .stab          0x0000000000001b30       0xfc /usr/lib/gcc/avr/4.9.3/../../../../avr/lib/avr5/libm.a(fp_round.o)
                                        0x108 (size before relaxing)
 .stab          0x0000000000001c2c      0x1d4 /usr/lib/gcc/avr/4.9.3/../../../../avr/lib/avr5/libm.a(fp_split3.o)
                                        0x1e0 (size before relaxing)
 .stab          0x0000000000001e00       0x90 /usr/lib/gcc/avr/4.9.3/../../../../avr/lib/avr5/libm.a(fp_zero.o)
                                         0x9c (size before relaxing)
 .stab          0x0000000000001e90      0x15c /usr/lib/gcc/avr/4.9.3/avr5/libgcc.a(_udivmodhi4.o)
                                        0x168 (size before relaxing)
 .stab          0x0000000000001fec       0x6c /usr/lib/gcc/avr/4.9.3/avr5/libgcc.a(_exit.o)
                                         0x78 (size before relaxing)

.stabstr        0x0000000000000000     0x101a
 *(.stabstr)
 .stabstr       0x0000000000000000     0x101a /usr/lib/gcc/avr/4.9.3/../../../../avr/lib/avr5/crtm324pa.o

.stab.excl
 *(.stab.excl)

.stab.exclstr
 *(.stab.exclstr)

.stab.index
 *(.stab.index)

.stab.indexstr
 *(.stab.indexstr)

.comment        0x0000000000000000       0x21
 *(.comment)
 .comment       0x0000000000000000       0x21 Controle_moteur.o
                                         0x22 (size before relaxing)

.note.gnu.build-id
 *(.note.gnu.build-id)

.debug
 *(.debug)

.line
 *(.line)

.debug_srcinfo
 *(.debug_srcinfo)

.debug_sfnames
 *(.debug_sfnames)

.debug_aranges
 *(.debug_aranges)

.debug_pubnames
 *(.debug_pubnames)

.debug_info
 *(.debug_info .gnu.linkonce.wi.*)

.debug_abbrev
 *(.debug_abbrev)

.debug_line
 *(.debug_line .debug_line.* .debug_line_end)

.debug_frame
 *(.debug_frame)

.debug_str
 *(.debug_str)

.debug_loc
 *(.debug_loc)

.debug_macinfo
 *(.debug_macinfo)

.debug_weaknames
 *(.debug_weaknames)

.debug_funcnames
 *(.debug_funcnames)

.debug_typenames
 *(.debug_typenames)

.debug_varnames
 *(.debug_varnames)

.debug_pubtypes
 *(.debug_pubtypes)

.debug_ranges
 *(.debug_ranges)

.debug_macro
 *(.debug_macro)
OUTPUT(Pb2.out elf32-avr)
LOAD linker stubs
